
> nextn@0.1.0 build
> next build

   Ôû▓ Next.js 15.2.3
   - Environments: .env.local
   - Experiments (use with caution):
     ┬À clientTraceMetadata

   Creating an optimized production build ...
node.exe : [@sentry/nextjs] It 
appears you've configured a 
`sentry.server.config.ts` file. 
Please ensure to put this 
file's content into the 
`register()` function of a 
Next.js instrumentation file 
instead. To ensure correct 
functionality of the SDK, 
`Sentry.init` must be called 
inside of an instrumentation 
file. Learn more about setting 
up an instrumentation file in 
Next.js: https://nextjs.org/docs
/app/building-your-application/o
ptimizing/instrumentation. You 
can safely delete the 
`sentry.server.config.ts` file 
afterward.
In riga:1 car:1
+ & "C:\Program 
Files\nodejs/node.exe" 
"C:\Program 
Files\nodejs/node_mo ...
+ ~~~~~~~~~~~~~~~~~~~~~~~~~~~~~~
~~~~~~~~~~~~~~~~~~~~~~~~~~~~~~~~
~~~~~~~
    + CategoryInfo          : N 
   otSpecified: ([@sentry/next  
  js...file afterward.:String   
 ) [], RemoteException
    + FullyQualifiedErrorId : N 
   ativeCommandError
 
[@sentry/nextjs] Could not find 
a Next.js instrumentation file. 
This indicates an incomplete 
configuration of the Sentry 
SDK. An instrumentation file is 
required for the Sentry SDK to 
be initialized on the server: ht
tps://docs.sentry.io/platforms/j
avascript/guides/nextjs/manual-s
etup/#create-initialization-conf
ig-files (you can suppress this 
warning by setting SENTRY_SUPPRE
SS_INSTRUMENTATION_FILE_WARNING=
1 as environment variable)
[@sentry/nextjs] It seems like you don't have a global error handler set up. It is recommended that you add a 'global-error.js' file with Sentry instrumentation so that React rendering errors are reported to Sentry. Read more: https://docs.sentry.io/platforms/javascript/guides/nextjs/manual-setup/#react-render-errors-in-app-router (you can suppress this warning by setting SENTRY_SUPPRESS_GLOBAL_ERROR_HANDLER_FILE_WARNING=1 as environment variable)
[@sentry/nextjs] DEPRECATION 
WARNING: It is recommended 
renaming your 
`sentry.client.config.ts` file, 
or moving its content to 
`instrumentation-client.ts`. 
When using Turbopack 
`sentry.client.config.ts` will 
no longer work. Read more about 
the `instrumentation-client.ts` 
file: https://nextjs.org/docs/ap
p/api-reference/file-conventions
/instrumentation-client
