

    Directory: C:
    \Users\lorenz
    o\progetti\Si
    ckFitPro


Mode    LastWrite
             Time
----    ---------
d-----  29/10/202
           5     
            00:15
d-----  29/10/202
           5     
            00:49
d-----  29/10/202
           5     
            00:15
d-----  29/10/202
           5     
            00:15
d-----  29/10/202
           5     
            00:49
d-----  29/10/202
           5     
            00:15
d-----  29/10/202
           5     
            00:15
d-----  29/10/202
           5     
            00:15
-a----  29/10/202
           5     
            00:15
-a----  29/10/202
           5     
            00:27
-a----  29/10/202
           5     
            00:15
-a----  29/10/202
           5     
            00:15
-a----  29/10/202
           5     
            00:15
-a----  29/10/202
           5     
            00:49
-a----  29/10/202
           5     
            00:20
-a----  29/10/202
           5     
            00:15
-a----  29/10/202
           5     
            00:15
-a----  29/10/202
           5     
            00:49
-a----  29/10/202
           5     
            00:15
-a----  29/10/202
           5     
            00:15
-a----  29/10/202
           5     
            00:15
-a----  29/10/202
           5     
            00:15
-a----  29/10/202
           5     
            00:15
-a----  29/10/202
           5     
            00:15
-a----  29/10/202
           5     
            00:50
-a----  29/10/202
           5     
            00:15


